Global frequency set at 1000000000000 ticks per second
build/X86/mem/dram_interface.cc:690: warn: DRAM device capacity (32768 Mbytes) does not match the address range assigned (256 Mbytes)
build/X86/mem/dram_interface.cc:690: warn: DRAM device capacity (32768 Mbytes) does not match the address range assigned (256 Mbytes)
build/X86/mem/dram_interface.cc:690: warn: DRAM device capacity (32768 Mbytes) does not match the address range assigned (256 Mbytes)
build/X86/mem/dram_interface.cc:690: warn: DRAM device capacity (32768 Mbytes) does not match the address range assigned (256 Mbytes)
build/X86/mem/dram_interface.cc:690: warn: DRAM device capacity (32768 Mbytes) does not match the address range assigned (256 Mbytes)
build/X86/mem/dram_interface.cc:690: warn: DRAM device capacity (32768 Mbytes) does not match the address range assigned (256 Mbytes)
build/X86/mem/dram_interface.cc:690: warn: DRAM device capacity (32768 Mbytes) does not match the address range assigned (256 Mbytes)
build/X86/mem/dram_interface.cc:690: warn: DRAM device capacity (32768 Mbytes) does not match the address range assigned (256 Mbytes)
build/X86/mem/dram_interface.cc:690: warn: DRAM device capacity (32768 Mbytes) does not match the address range assigned (256 Mbytes)
build/X86/mem/dram_interface.cc:690: warn: DRAM device capacity (32768 Mbytes) does not match the address range assigned (256 Mbytes)
build/X86/mem/dram_interface.cc:690: warn: DRAM device capacity (32768 Mbytes) does not match the address range assigned (256 Mbytes)
build/X86/mem/dram_interface.cc:690: warn: DRAM device capacity (32768 Mbytes) does not match the address range assigned (256 Mbytes)
build/X86/mem/dram_interface.cc:690: warn: DRAM device capacity (32768 Mbytes) does not match the address range assigned (256 Mbytes)
build/X86/mem/dram_interface.cc:690: warn: DRAM device capacity (32768 Mbytes) does not match the address range assigned (256 Mbytes)
build/X86/mem/dram_interface.cc:690: warn: DRAM device capacity (32768 Mbytes) does not match the address range assigned (256 Mbytes)
build/X86/mem/dram_interface.cc:690: warn: DRAM device capacity (32768 Mbytes) does not match the address range assigned (256 Mbytes)
build/X86/sim/system.cc:196: warn: Cache line size is neither 16, 32, 64 nor 128 bytes.
build/X86/base/statistics.hh:280: warn: One of the stats is a legacy stat. Legacy stat is a stat that does not belong to any statistics::Group. Legacy stat is deprecated.
0: system.remote_gdb: listening for remote gdb on port 7000
gem5 Simulator System.  https://www.gem5.org
gem5 is copyrighted software; use the --copyright option for details.

gem5 version 22.1.0.0
gem5 compiled Jun 21 2024 11:03:09
gem5 started Jun 25 2024 17:10:31
gem5 executing on proj170, pid 3267550
command line: ./../build/X86/gem5.opt -d m5out/matmul-16/dse/dse0 ../configs/example/se.py --cpu-type O3CPU --num-cpu=16 --l1d_size=64kB --l1i_size=64kB --l1d_assoc=4 --num-l2cache=4 --l2_size=128kB --l2_assoc=16 --cacheline_size=256 --num-dirs=16 --ruby --mem-size=4096MB --mem-type=DDR4_2400_16x4 --mem-channels=8 --mem-ranks=32 --topology=Pt2Pt --vcs-per-vnet=4 --mesh-rows=4 -m 30000000000 -c workload/bin/tiled_matmul_cpu-paralell.x86 -o 15 --link-latency=2

choose simple net
**** REAL SIMULATION ****
warn: The `get_runtime_isa` function is deprecated. Please migrate away from using this function.
warn: The `get_runtime_isa` function is deprecated. Please migrate away from using this function.
warn: The `get_runtime_isa` function is deprecated. Please migrate away from using this function.
warn: The `get_runtime_isa` function is deprecated. Please migrate away from using this function.
warn: The `get_runtime_isa` function is deprecated. Please migrate away from using this function.
warn: The `get_runtime_isa` function is deprecated. Please migrate away from using this function.
warn: The `get_runtime_isa` function is deprecated. Please migrate away from using this function.
warn: The `get_runtime_isa` function is deprecated. Please migrate away from using this function.
warn: The `get_runtime_isa` function is deprecated. Please migrate away from using this function.
warn: The `get_runtime_isa` function is deprecated. Please migrate away from using this function.
warn: The `get_runtime_isa` function is deprecated. Please migrate away from using this function.
warn: The `get_runtime_isa` function is deprecated. Please migrate away from using this function.
warn: The `get_runtime_isa` function is deprecated. Please migrate away from using this function.
warn: The `get_runtime_isa` function is deprecated. Please migrate away from using this function.
warn: The `get_runtime_isa` function is deprecated. Please migrate away from using this function.
warn: The `get_runtime_isa` function is deprecated. Please migrate away from using this function.
warn: The `get_runtime_isa` function is deprecated. Please migrate away from using this function.
warn: No dot file generated. Please install pydot to generate the dot file and pdf.
build/X86/sim/simulate.cc:192: info: Entering event queue @ 0.  Starting simulation...
build/X86/mem/ruby/system/Sequencer.cc:613: warn: Replacement policy updates recently became the responsibility of SLICC state machines. Make sure to setMRU() near callbacks in .sm files!
build/X86/arch/x86/cpuid.cc:180: warn: x86 cpuid family 0x0000: unimplemented function 13
build/X86/sim/mem_state.cc:443: info: Increasing stack size by one page.
build/X86/sim/syscall_emul.cc:74: warn: ignoring syscall mprotect(...)
build/X86/sim/syscall_emul.cc:74: warn: ignoring syscall mprotect(...)
build/X86/sim/syscall_emul.cc:74: warn: ignoring syscall mprotect(...)
build/X86/sim/syscall_emul.cc:74: warn: ignoring syscall mprotect(...)
build/X86/sim/syscall_emul.cc:74: warn: ignoring syscall set_robust_list(...)
build/X86/sim/syscall_emul.cc:85: warn: ignoring syscall rt_sigaction(...)
      (further warnings will be suppressed)
build/X86/sim/syscall_emul.cc:85: warn: ignoring syscall rt_sigprocmask(...)
      (further warnings will be suppressed)
build/X86/sim/syscall_emul.cc:74: warn: ignoring syscall mprotect(...)
build/X86/sim/power_state.cc:105: warn: PowerState: Already in the requested power state, request ignored
build/X86/sim/syscall_emul.cc:74: warn: ignoring syscall mprotect(...)
build/X86/sim/syscall_emul.cc:74: warn: ignoring syscall mprotect(...)
build/X86/sim/syscall_emul.cc:74: warn: ignoring syscall set_robust_list(...)
build/X86/sim/syscall_emul.cc:74: warn: ignoring syscall set_robust_list(...)
build/X86/sim/process.cc:333: warn: Process::allocateMem: addr 0x7ffff7e44000 already mapped
build/X86/sim/syscall_emul.cc:74: warn: ignoring syscall mprotect(...)
build/X86/sim/syscall_emul.cc:74: warn: ignoring syscall set_robust_list(...)
build/X86/sim/process.cc:333: warn: Process::allocateMem: addr 0x7ffff7fd2000 already mapped
build/X86/sim/process.cc:333: warn: Process::allocateMem: addr 0x7ffff7fd2000 already mapped
build/X86/sim/process.cc:333: warn: Process::allocateMem: addr 0x7ffff7e46000 already mapped
build/X86/sim/process.cc:333: warn: Process::allocateMem: addr 0x7ffff7e46000 already mapped
build/X86/sim/syscall_emul.cc:74: warn: ignoring syscall mprotect(...)
build/X86/sim/syscall_emul.cc:74: warn: ignoring syscall set_robust_list(...)
build/X86/sim/syscall_emul.cc:74: warn: ignoring syscall mprotect(...)
build/X86/sim/syscall_emul.cc:74: warn: ignoring syscall mprotect(...)
build/X86/sim/syscall_emul.cc:74: warn: ignoring syscall set_robust_list(...)
build/X86/sim/syscall_emul.cc:74: warn: ignoring syscall mprotect(...)
build/X86/sim/syscall_emul.cc:74: warn: ignoring syscall set_robust_list(...)
build/X86/sim/syscall_emul.cc:74: warn: ignoring syscall mprotect(...)
build/X86/sim/syscall_emul.cc:74: warn: ignoring syscall set_robust_list(...)
build/X86/sim/syscall_emul.cc:74: warn: ignoring syscall mprotect(...)
build/X86/sim/syscall_emul.cc:74: warn: ignoring syscall set_robust_list(...)
Thread number 0
build/X86/sim/syscall_emul.cc:74: warn: ignoring syscall mprotect(...)
build/X86/sim/syscall_emul.cc:74: warn: ignoring syscall set_robust_list(...)
Thread number 2
Thread number 1
build/X86/sim/syscall_emul.cc:74: warn: ignoring syscall mprotect(...)
build/X86/sim/syscall_emul.cc:74: warn: ignoring syscall set_robust_list(...)
Thread number 3
build/X86/sim/syscall_emul.cc:74: warn: ignoring syscall mprotect(...)
build/X86/sim/syscall_emul.cc:74: warn: ignoring syscall set_robust_list(...)
Thread number 4
build/X86/sim/syscall_emul.cc:74: warn: ignoring syscall mprotect(...)
build/X86/sim/syscall_emul.cc:74: warn: ignoring syscall set_robust_list(...)
Thread number 5
build/X86/sim/syscall_emul.cc:74: warn: ignoring syscall mprotect(...)
build/X86/sim/syscall_emul.cc:74: warn: ignoring syscall set_robust_list(...)
Thread number 6
build/X86/sim/syscall_emul.cc:74: warn: ignoring syscall mprotect(...)
build/X86/sim/syscall_emul.cc:74: warn: ignoring syscall set_robust_list(...)
Thread number 12
Thread number 8
build/X86/sim/syscall_emul.cc:74: warn: ignoring syscall set_robust_list(...)
Thread number 9
Thread number 10
Thread number 11
Thread number 7
Thread number 13
Thread number 14
Cycles taken: 118468
Cycles taken: 118444
Cycles taken: 118468
build/X86/sim/syscall_emul.cc:74: warn: ignoring syscall madvise(...)
Cycles taken: 118444
build/X86/sim/syscall_emul.cc:74: warn: ignoring syscall madvise(...)
build/X86/sim/syscall_emul.cc:74: warn: ignoring syscall madvise(...)
build/X86/sim/syscall_emul.cc:74: warn: ignoring syscall madvise(...)
Cycles taken: 118450
build/X86/sim/syscall_emul.cc:74: warn: ignoring syscall madvise(...)
Cycles taken: 118450
build/X86/sim/syscall_emul.cc:74: warn: ignoring syscall madvise(...)
Cycles taken: 118450
build/X86/sim/syscall_emul.cc:74: warn: ignoring syscall madvise(...)
Cycles taken: 118444
build/X86/sim/syscall_emul.cc:74: warn: ignoring syscall madvise(...)
Cycles taken: 118450
build/X86/sim/syscall_emul.cc:74: warn: ignoring syscall madvise(...)
Cycles taken: 118444
build/X86/sim/syscall_emul.cc:74: warn: ignoring syscall madvise(...)
Cycles taken: 118450
build/X86/sim/syscall_emul.cc:74: warn: ignoring syscall madvise(...)
Cycles taken: 118444
build/X86/sim/syscall_emul.cc:74: warn: ignoring syscall madvise(...)
Cycles taken: 118450
build/X86/sim/syscall_emul.cc:74: warn: ignoring syscall madvise(...)
Cycles taken: 118450
build/X86/sim/syscall_emul.cc:74: warn: ignoring syscall madvise(...)
Cycles taken: 118450
build/X86/sim/syscall_emul.cc:74: warn: ignoring syscall madvise(...)
Exiting @ tick 1159261000 because exiting with last active thread context
